[2026-02-09 19:56:26] INFO [missingfind.main:75] ============================================================
[2026-02-09 19:56:26] INFO [missingfind.main:76] Missingfind Stage 2: 이벤트 감지 및 클립 저장 시스템 시작
[2026-02-09 19:56:26] INFO [missingfind.main:77] ============================================================
[2026-02-09 19:56:26] INFO [missingfind.main:87] 카메라 초기화 중... (device_id=0)
[2026-02-09 19:56:26] INFO [missingfind.main:128] 시스템 준비 완료. 이벤트 감지 시작...
[2026-02-09 19:56:26] INFO [missingfind.main:129] 종료하려면 Ctrl+C를 누르세요.
[2026-02-09 19:56:26] INFO [missingfind.main:130] ------------------------------------------------------------
[2026-02-09 19:56:51] INFO [missingfind.main:215] 

KeyboardInterrupt: 사용자가 종료를 요청했습니다.
[2026-02-09 19:56:51] INFO [missingfind.main:223] 
============================================================
[2026-02-09 19:56:51] INFO [missingfind.main:224] 시스템 종료
[2026-02-09 19:56:51] INFO [missingfind.main:225]   총 처리 프레임: 718
[2026-02-09 19:56:51] INFO [missingfind.main:226]   감지된 이벤트: 0
[2026-02-09 19:56:51] INFO [missingfind.main:227]   저장된 클립: 0개
[2026-02-09 19:56:51] INFO [missingfind.main:228]   총 저장 용량: 0.00 GB
[2026-02-09 19:56:51] INFO [missingfind.main:229] ============================================================
[2026-02-09 19:57:13] INFO [missingfind.main:75] ============================================================
[2026-02-09 19:57:13] INFO [missingfind.main:76] Missingfind Stage 2: 이벤트 감지 및 클립 저장 시스템 시작
[2026-02-09 19:57:13] INFO [missingfind.main:77] ============================================================
[2026-02-09 19:57:13] INFO [missingfind.main:87] 카메라 초기화 중... (device_id=0)
[2026-02-09 19:57:13] INFO [missingfind.main:128] 시스템 준비 완료. 이벤트 감지 시작...
[2026-02-09 19:57:13] INFO [missingfind.main:129] 종료하려면 Ctrl+C를 누르세요.
[2026-02-09 19:57:13] INFO [missingfind.main:130] ------------------------------------------------------------
[2026-02-09 19:57:40] INFO [missingfind.main:215] 

KeyboardInterrupt: 사용자가 종료를 요청했습니다.
[2026-02-09 19:57:40] INFO [missingfind.main:223] 
============================================================
[2026-02-09 19:57:40] INFO [missingfind.main:224] 시스템 종료
[2026-02-09 19:57:40] INFO [missingfind.main:225]   총 처리 프레임: 786
[2026-02-09 19:57:40] INFO [missingfind.main:226]   감지된 이벤트: 0
[2026-02-09 19:57:40] INFO [missingfind.main:227]   저장된 클립: 0개
[2026-02-09 19:57:40] INFO [missingfind.main:228]   총 저장 용량: 0.00 GB
[2026-02-09 19:57:40] INFO [missingfind.main:229] ============================================================
[2026-02-09 19:59:37] INFO [missingfind.main:75] ============================================================
[2026-02-09 19:59:37] INFO [missingfind.main:76] Missingfind Stage 2: 이벤트 감지 및 클립 저장 시스템 시작
[2026-02-09 19:59:37] INFO [missingfind.main:77] ============================================================
[2026-02-09 19:59:37] INFO [missingfind.main:87] 카메라 초기화 중... (device_id=0)
[2026-02-09 19:59:38] INFO [missingfind.main:128] 시스템 준비 완료. 이벤트 감지 시작...
[2026-02-09 19:59:38] INFO [missingfind.main:129] 종료하려면 Ctrl+C를 누르세요.
[2026-02-09 19:59:38] INFO [missingfind.main:130] ------------------------------------------------------------
[2026-02-09 20:00:12] INFO [missingfind.main:215] 

KeyboardInterrupt: 사용자가 종료를 요청했습니다.
[2026-02-09 20:00:13] INFO [missingfind.main:223] 
============================================================
[2026-02-09 20:00:13] INFO [missingfind.main:224] 시스템 종료
[2026-02-09 20:00:13] INFO [missingfind.main:225]   총 처리 프레임: 1031
[2026-02-09 20:00:13] INFO [missingfind.main:226]   감지된 이벤트: 0
[2026-02-09 20:00:13] INFO [missingfind.main:227]   저장된 클립: 0개
[2026-02-09 20:00:13] INFO [missingfind.main:228]   총 저장 용량: 0.00 GB
[2026-02-09 20:00:13] INFO [missingfind.main:229] ============================================================
